errors 1
errors 2
errors 3
errors 4